2026-07-25 11:59:47 [info]: Starting Nest application...
2026-07-25 11:59:47 [info]: AppModule dependencies initialized
2026-07-25 11:59:47 [info]: TypeOrmModule dependencies initialized
2026-07-25 11:59:47 [info]: PassportModule dependencies initialized
2026-07-25 11:59:47 [info]: ConfigHostModule dependencies initialized
2026-07-25 11:59:47 [info]: WinstonModule dependencies initialized
2026-07-25 11:59:47 [info]: HealthModule dependencies initialized
2026-07-25 11:59:47 [info]: HttpModule dependencies initialized
2026-07-25 11:59:47 [info]: DiscoveryModule dependencies initialized
2026-07-25 11:59:47 [info]: ConfigModule dependencies initialized
2026-07-25 11:59:47 [info]: ConfigModule dependencies initialized
2026-07-25 11:59:47 [info]: EventEmitterModule dependencies initialized
2026-07-25 11:59:47 [info]: ScheduleModule dependencies initialized
2026-07-25 11:59:47 [info]: JwtModule dependencies initialized
2026-07-25 11:59:47 [info]: TypeOrmCoreModule dependencies initialized
2026-07-25 11:59:47 [info]: TypeOrmModule dependencies initialized
2026-07-25 11:59:47 [info]: TypeOrmModule dependencies initialized
2026-07-25 11:59:47 [info]: TypeOrmModule dependencies initialized
2026-07-25 11:59:47 [info]: TypeOrmModule dependencies initialized
2026-07-25 11:59:47 [info]: TypeOrmModule dependencies initialized
2026-07-25 11:59:47 [info]: TypeOrmModule dependencies initialized
2026-07-25 11:59:47 [info]: TypeOrmModule dependencies initialized
2026-07-25 11:59:47 [info]: TypeOrmModule dependencies initialized
2026-07-25 11:59:47 [info]: TypeOrmModule dependencies initialized
2026-07-25 11:59:47 [info]: TypeOrmModule dependencies initialized
2026-07-25 11:59:47 [info]: CategoryModule dependencies initialized
2026-07-25 11:59:47 [info]: SupplierModule dependencies initialized
2026-07-25 11:59:47 [info]: CustomerModule dependencies initialized
2026-07-25 11:59:47 [info]: AuthModule dependencies initialized
2026-07-25 11:59:47 [info]: EstablishmentsModule dependencies initialized
2026-07-25 11:59:47 [info]: UserModule dependencies initialized
2026-07-25 11:59:47 [info]: ProductModule dependencies initialized
2026-07-25 11:59:47 [info]: PurchaseOrderModule dependencies initialized
2026-07-25 11:59:47 [info]: CompanySettingsModule dependencies initialized
2026-07-25 11:59:47 [info]: SaleModule dependencies initialized
2026-07-25 11:59:47 [info]: AuthController {/api/auth} (version: 1):
2026-07-25 11:59:47 [info]: Mapped {/api/auth/login, POST} (version: 1) route
2026-07-25 11:59:47 [info]: Mapped {/api/auth/status, GET} (version: 1) route
2026-07-25 11:59:47 [info]: UserController {/api/users} (version: 1):
2026-07-25 11:59:47 [info]: Mapped {/api/users, GET} (version: 1) route
2026-07-25 11:59:47 [info]: Mapped {/api/users/:id, GET} (version: 1) route
2026-07-25 11:59:47 [info]: Mapped {/api/users, POST} (version: 1) route
2026-07-25 11:59:47 [info]: Mapped {/api/users/:id, PUT} (version: 1) route
2026-07-25 11:59:47 [info]: Mapped {/api/users/:id, DELETE} (version: 1) route
2026-07-25 11:59:47 [info]: HealthController {/api/health} (version: 1):
2026-07-25 11:59:47 [info]: Mapped {/api/health, GET} (version: 1) route
2026-07-25 11:59:47 [info]: CategoryController {/api/categories} (version: 1):
2026-07-25 11:59:47 [info]: Mapped {/api/categories, GET} (version: 1) route
2026-07-25 11:59:47 [info]: Mapped {/api/categories/:id, GET} (version: 1) route
2026-07-25 11:59:47 [info]: Mapped {/api/categories, POST} (version: 1) route
2026-07-25 11:59:47 [info]: Mapped {/api/categories/:id, PUT} (version: 1) route
2026-07-25 11:59:47 [info]: Mapped {/api/categories/:id, DELETE} (version: 1) route
2026-07-25 11:59:47 [info]: SupplierController {/api/suppliers} (version: 1):
2026-07-25 11:59:47 [info]: Mapped {/api/suppliers, GET} (version: 1) route
2026-07-25 11:59:47 [info]: Mapped {/api/suppliers/:id, GET} (version: 1) route
2026-07-25 11:59:47 [info]: Mapped {/api/suppliers, POST} (version: 1) route
2026-07-25 11:59:47 [info]: Mapped {/api/suppliers/:id, PUT} (version: 1) route
2026-07-25 11:59:47 [info]: Mapped {/api/suppliers/:id, DELETE} (version: 1) route
2026-07-25 11:59:47 [info]: ProductController {/api/products} (version: 1):
2026-07-25 11:59:47 [info]: Mapped {/api/products, GET} (version: 1) route
2026-07-25 11:59:47 [info]: Mapped {/api/products/low-stock, GET} (version: 1) route
2026-07-25 11:59:47 [info]: Mapped {/api/products/excel/template, GET} (version: 1) route
2026-07-25 11:59:47 [info]: Mapped {/api/products/excel/import, POST} (version: 1) route
2026-07-25 11:59:47 [info]: Mapped {/api/products/barcode/:barcode, GET} (version: 1) route
2026-07-25 11:59:47 [info]: Mapped {/api/products/:id, GET} (version: 1) route
2026-07-25 11:59:47 [info]: Mapped {/api/products, POST} (version: 1) route
2026-07-25 11:59:47 [info]: Mapped {/api/products/:id, PUT} (version: 1) route
2026-07-25 11:59:47 [info]: Mapped {/api/products/:id, DELETE} (version: 1) route
2026-07-25 11:59:47 [info]: Mapped {/api/products/:id/stock/add, PATCH} (version: 1) route
2026-07-25 11:59:47 [info]: Mapped {/api/products/:id/stock/subtract, PATCH} (version: 1) route
2026-07-25 11:59:47 [info]: CustomerController {/api/customers} (version: 1):
2026-07-25 11:59:47 [info]: Mapped {/api/customers, GET} (version: 1) route
2026-07-25 11:59:47 [info]: Mapped {/api/customers/lookup/:doc, GET} (version: 1) route
2026-07-25 11:59:47 [info]: Mapped {/api/customers/:id, GET} (version: 1) route
2026-07-25 11:59:47 [info]: Mapped {/api/customers, POST} (version: 1) route
2026-07-25 11:59:47 [info]: Mapped {/api/customers/:id, PUT} (version: 1) route
2026-07-25 11:59:47 [info]: Mapped {/api/customers/:id, DELETE} (version: 1) route
2026-07-25 11:59:47 [info]: SaleController {/api/sales} (version: 1):
2026-07-25 11:59:47 [info]: Mapped {/api/sales, GET} (version: 1) route
2026-07-25 11:59:47 [info]: Mapped {/api/sales/summary, GET} (version: 1) route
2026-07-25 11:59:47 [info]: Mapped {/api/sales/comprobante/pdf/:token, GET} (version: 1) route
2026-07-25 11:59:47 [info]: Mapped {/api/sales/:id/pdf-token, GET} (version: 1) route
2026-07-25 11:59:47 [info]: Mapped {/api/sales/:id/pdf, GET} (version: 1) route
2026-07-25 11:59:47 [info]: Mapped {/api/sales/:id, GET} (version: 1) route
2026-07-25 11:59:47 [info]: Mapped {/api/sales, POST} (version: 1) route
2026-07-25 11:59:47 [info]: Mapped {/api/sales/credit-note, POST} (version: 1) route
2026-07-25 11:59:47 [info]: Mapped {/api/sales/:id/void, PATCH} (version: 1) route
2026-07-25 11:59:47 [info]: Mapped {/api/sales/:id/send-whatsapp, POST} (version: 1) route
2026-07-25 11:59:47 [info]: Mapped {/api/sales/:id/resend-sunat, POST} (version: 1) route
2026-07-25 11:59:47 [info]: CompanySettingsController {/api/company-settings} (version: 1):
2026-07-25 11:59:47 [info]: Mapped {/api/company-settings, GET} (version: 1) route
2026-07-25 11:59:47 [info]: Mapped {/api/company-settings, PUT} (version: 1) route
2026-07-25 11:59:47 [info]: Mapped {/api/company-settings/logo, POST} (version: 1) route
2026-07-25 11:59:47 [info]: Mapped {/api/company-settings/register-sunat-api, POST} (version: 1) route
2026-07-25 11:59:47 [info]: PurchaseOrderController {/api/purchase-orders} (version: 1):
2026-07-25 11:59:47 [info]: Mapped {/api/purchase-orders, GET} (version: 1) route
2026-07-25 11:59:47 [info]: Mapped {/api/purchase-orders/:id, GET} (version: 1) route
2026-07-25 11:59:47 [info]: Mapped {/api/purchase-orders, POST} (version: 1) route
2026-07-25 11:59:47 [info]: Mapped {/api/purchase-orders/:id/receive, PATCH} (version: 1) route
2026-07-25 11:59:47 [info]: Mapped {/api/purchase-orders/:id/cancel, PATCH} (version: 1) route
2026-07-25 11:59:47 [info]: EstablishmentsController {/api/establishments} (version: 1):
2026-07-25 11:59:47 [info]: Mapped {/api/establishments, GET} (version: 1) route
2026-07-25 11:59:47 [info]: Mapped {/api/establishments, POST} (version: 1) route
2026-07-25 11:59:47 [info]: Mapped {/api/establishments/series, GET} (version: 1) route
2026-07-25 11:59:47 [info]: Mapped {/api/establishments/series, POST} (version: 1) route
2026-07-25 11:59:47 [info]: Facturación electrónica: Adaptador inicializado.
2026-07-25 11:59:47 [info]: Facturación electrónica: Adaptador inicializado.
2026-07-25 11:59:47 [info]: Nest application successfully started
2026-07-25 12:01:29 [info]: Starting Nest application...
2026-07-25 12:01:29 [info]: AppModule dependencies initialized
2026-07-25 12:01:29 [info]: TypeOrmModule dependencies initialized
2026-07-25 12:01:29 [info]: PassportModule dependencies initialized
2026-07-25 12:01:29 [info]: ConfigHostModule dependencies initialized
2026-07-25 12:01:29 [info]: WinstonModule dependencies initialized
2026-07-25 12:01:29 [info]: HealthModule dependencies initialized
2026-07-25 12:01:29 [info]: HttpModule dependencies initialized
2026-07-25 12:01:29 [info]: DiscoveryModule dependencies initialized
2026-07-25 12:01:29 [info]: ConfigModule dependencies initialized
2026-07-25 12:01:29 [info]: ConfigModule dependencies initialized
2026-07-25 12:01:29 [info]: EventEmitterModule dependencies initialized
2026-07-25 12:01:29 [info]: ScheduleModule dependencies initialized
2026-07-25 12:01:29 [info]: JwtModule dependencies initialized
2026-07-25 12:01:29 [info]: TypeOrmCoreModule dependencies initialized
2026-07-25 12:01:29 [info]: TypeOrmModule dependencies initialized
2026-07-25 12:01:29 [info]: TypeOrmModule dependencies initialized
2026-07-25 12:01:29 [info]: TypeOrmModule dependencies initialized
2026-07-25 12:01:29 [info]: TypeOrmModule dependencies initialized
2026-07-25 12:01:29 [info]: TypeOrmModule dependencies initialized
2026-07-25 12:01:29 [info]: TypeOrmModule dependencies initialized
2026-07-25 12:01:29 [info]: TypeOrmModule dependencies initialized
2026-07-25 12:01:29 [info]: TypeOrmModule dependencies initialized
2026-07-25 12:01:29 [info]: TypeOrmModule dependencies initialized
2026-07-25 12:01:29 [info]: TypeOrmModule dependencies initialized
2026-07-25 12:01:29 [info]: CategoryModule dependencies initialized
2026-07-25 12:01:29 [info]: SupplierModule dependencies initialized
2026-07-25 12:01:29 [info]: CustomerModule dependencies initialized
2026-07-25 12:01:29 [info]: AuthModule dependencies initialized
2026-07-25 12:01:29 [info]: EstablishmentsModule dependencies initialized
2026-07-25 12:01:29 [info]: UserModule dependencies initialized
2026-07-25 12:01:29 [info]: ProductModule dependencies initialized
2026-07-25 12:01:29 [info]: PurchaseOrderModule dependencies initialized
2026-07-25 12:01:29 [info]: CompanySettingsModule dependencies initialized
2026-07-25 12:01:29 [info]: SaleModule dependencies initialized
2026-07-25 12:01:29 [info]: AuthController {/api/auth} (version: 1):
2026-07-25 12:01:29 [info]: Mapped {/api/auth/login, POST} (version: 1) route
2026-07-25 12:01:29 [info]: Mapped {/api/auth/status, GET} (version: 1) route
2026-07-25 12:01:29 [info]: UserController {/api/users} (version: 1):
2026-07-25 12:01:29 [info]: Mapped {/api/users, GET} (version: 1) route
2026-07-25 12:01:29 [info]: Mapped {/api/users/:id, GET} (version: 1) route
2026-07-25 12:01:29 [info]: Mapped {/api/users, POST} (version: 1) route
2026-07-25 12:01:29 [info]: Mapped {/api/users/:id, PUT} (version: 1) route
2026-07-25 12:01:29 [info]: Mapped {/api/users/:id, DELETE} (version: 1) route
2026-07-25 12:01:29 [info]: HealthController {/api/health} (version: 1):
2026-07-25 12:01:29 [info]: Mapped {/api/health, GET} (version: 1) route
2026-07-25 12:01:29 [info]: CategoryController {/api/categories} (version: 1):
2026-07-25 12:01:29 [info]: Mapped {/api/categories, GET} (version: 1) route
2026-07-25 12:01:29 [info]: Mapped {/api/categories/:id, GET} (version: 1) route
2026-07-25 12:01:29 [info]: Mapped {/api/categories, POST} (version: 1) route
2026-07-25 12:01:29 [info]: Mapped {/api/categories/:id, PUT} (version: 1) route
2026-07-25 12:01:29 [info]: Mapped {/api/categories/:id, DELETE} (version: 1) route
2026-07-25 12:01:29 [info]: SupplierController {/api/suppliers} (version: 1):
2026-07-25 12:01:29 [info]: Mapped {/api/suppliers, GET} (version: 1) route
2026-07-25 12:01:29 [info]: Mapped {/api/suppliers/:id, GET} (version: 1) route
2026-07-25 12:01:29 [info]: Mapped {/api/suppliers, POST} (version: 1) route
2026-07-25 12:01:29 [info]: Mapped {/api/suppliers/:id, PUT} (version: 1) route
2026-07-25 12:01:29 [info]: Mapped {/api/suppliers/:id, DELETE} (version: 1) route
2026-07-25 12:01:29 [info]: ProductController {/api/products} (version: 1):
2026-07-25 12:01:29 [info]: Mapped {/api/products, GET} (version: 1) route
2026-07-25 12:01:29 [info]: Mapped {/api/products/low-stock, GET} (version: 1) route
2026-07-25 12:01:29 [info]: Mapped {/api/products/excel/template, GET} (version: 1) route
2026-07-25 12:01:29 [info]: Mapped {/api/products/excel/import, POST} (version: 1) route
2026-07-25 12:01:29 [info]: Mapped {/api/products/barcode/:barcode, GET} (version: 1) route
2026-07-25 12:01:29 [info]: Mapped {/api/products/:id, GET} (version: 1) route
2026-07-25 12:01:29 [info]: Mapped {/api/products, POST} (version: 1) route
2026-07-25 12:01:29 [info]: Mapped {/api/products/:id, PUT} (version: 1) route
2026-07-25 12:01:29 [info]: Mapped {/api/products/:id, DELETE} (version: 1) route
2026-07-25 12:01:29 [info]: Mapped {/api/products/:id/stock/add, PATCH} (version: 1) route
2026-07-25 12:01:29 [info]: Mapped {/api/products/:id/stock/subtract, PATCH} (version: 1) route
2026-07-25 12:01:29 [info]: CustomerController {/api/customers} (version: 1):
2026-07-25 12:01:29 [info]: Mapped {/api/customers, GET} (version: 1) route
2026-07-25 12:01:29 [info]: Mapped {/api/customers/lookup/:doc, GET} (version: 1) route
2026-07-25 12:01:29 [info]: Mapped {/api/customers/:id, GET} (version: 1) route
2026-07-25 12:01:29 [info]: Mapped {/api/customers, POST} (version: 1) route
2026-07-25 12:01:29 [info]: Mapped {/api/customers/:id, PUT} (version: 1) route
2026-07-25 12:01:29 [info]: Mapped {/api/customers/:id, DELETE} (version: 1) route
2026-07-25 12:01:29 [info]: SaleController {/api/sales} (version: 1):
2026-07-25 12:01:29 [info]: Mapped {/api/sales, GET} (version: 1) route
2026-07-25 12:01:29 [info]: Mapped {/api/sales/summary, GET} (version: 1) route
2026-07-25 12:01:29 [info]: Mapped {/api/sales/comprobante/pdf/:token, GET} (version: 1) route
2026-07-25 12:01:29 [info]: Mapped {/api/sales/:id/pdf-token, GET} (version: 1) route
2026-07-25 12:01:29 [info]: Mapped {/api/sales/:id/pdf, GET} (version: 1) route
2026-07-25 12:01:29 [info]: Mapped {/api/sales/:id, GET} (version: 1) route
2026-07-25 12:01:29 [info]: Mapped {/api/sales, POST} (version: 1) route
2026-07-25 12:01:29 [info]: Mapped {/api/sales/credit-note, POST} (version: 1) route
2026-07-25 12:01:29 [info]: Mapped {/api/sales/:id/void, PATCH} (version: 1) route
2026-07-25 12:01:29 [info]: Mapped {/api/sales/:id/send-whatsapp, POST} (version: 1) route
2026-07-25 12:01:29 [info]: Mapped {/api/sales/:id/resend-sunat, POST} (version: 1) route
2026-07-25 12:01:29 [info]: CompanySettingsController {/api/company-settings} (version: 1):
2026-07-25 12:01:29 [info]: Mapped {/api/company-settings, GET} (version: 1) route
2026-07-25 12:01:29 [info]: Mapped {/api/company-settings, PUT} (version: 1) route
2026-07-25 12:01:29 [info]: Mapped {/api/company-settings/logo, POST} (version: 1) route
2026-07-25 12:01:29 [info]: Mapped {/api/company-settings/register-sunat-api, POST} (version: 1) route
2026-07-25 12:01:29 [info]: PurchaseOrderController {/api/purchase-orders} (version: 1):
2026-07-25 12:01:29 [info]: Mapped {/api/purchase-orders, GET} (version: 1) route
2026-07-25 12:01:29 [info]: Mapped {/api/purchase-orders/:id, GET} (version: 1) route
2026-07-25 12:01:29 [info]: Mapped {/api/purchase-orders, POST} (version: 1) route
2026-07-25 12:01:29 [info]: Mapped {/api/purchase-orders/:id/receive, PATCH} (version: 1) route
2026-07-25 12:01:29 [info]: Mapped {/api/purchase-orders/:id/cancel, PATCH} (version: 1) route
2026-07-25 12:01:29 [info]: EstablishmentsController {/api/establishments} (version: 1):
2026-07-25 12:01:29 [info]: Mapped {/api/establishments, GET} (version: 1) route
2026-07-25 12:01:29 [info]: Mapped {/api/establishments, POST} (version: 1) route
2026-07-25 12:01:29 [info]: Mapped {/api/establishments/series, GET} (version: 1) route
2026-07-25 12:01:29 [info]: Mapped {/api/establishments/series, POST} (version: 1) route
2026-07-25 12:01:29 [info]: Facturación electrónica: Adaptador inicializado.
2026-07-25 12:01:29 [info]: Facturación electrónica: Adaptador inicializado.
2026-07-25 12:01:29 [info]: Nest application successfully started
2026-07-25 12:25:07 [info]: Starting Nest application...
2026-07-25 12:25:07 [info]: Starting Nest application...
2026-07-25 12:25:07 [info]: AppModule dependencies initialized
2026-07-25 12:25:07 [info]: AppModule dependencies initialized
2026-07-25 12:25:07 [info]: TypeOrmModule dependencies initialized
2026-07-25 12:25:07 [info]: PassportModule dependencies initialized
2026-07-25 12:25:07 [info]: TypeOrmModule dependencies initialized
2026-07-25 12:25:07 [info]: ConfigHostModule dependencies initialized
2026-07-25 12:25:07 [info]: WinstonModule dependencies initialized
2026-07-25 12:25:07 [info]: HealthModule dependencies initialized
2026-07-25 12:25:07 [info]: PassportModule dependencies initialized
2026-07-25 12:25:07 [info]: HttpModule dependencies initialized
2026-07-25 12:25:07 [info]: ConfigHostModule dependencies initialized
2026-07-25 12:25:07 [info]: DiscoveryModule dependencies initialized
2026-07-25 12:25:07 [info]: WinstonModule dependencies initialized
2026-07-25 12:25:07 [info]: ConfigModule dependencies initialized
2026-07-25 12:25:07 [info]: HealthModule dependencies initialized
2026-07-25 12:25:07 [info]: HttpModule dependencies initialized
2026-07-25 12:25:07 [info]: DiscoveryModule dependencies initialized
2026-07-25 12:25:07 [info]: ConfigModule dependencies initialized
2026-07-25 12:25:07 [info]: ConfigModule dependencies initialized
2026-07-25 12:25:07 [info]: EventEmitterModule dependencies initialized
2026-07-25 12:25:07 [info]: ScheduleModule dependencies initialized
2026-07-25 12:25:07 [info]: JwtModule dependencies initialized
2026-07-25 12:25:07 [info]: TypeOrmCoreModule dependencies initialized
2026-07-25 12:25:07 [info]: TypeOrmModule dependencies initialized
2026-07-25 12:25:07 [info]: TypeOrmModule dependencies initialized
2026-07-25 12:25:07 [info]: TypeOrmModule dependencies initialized
2026-07-25 12:25:07 [info]: TypeOrmModule dependencies initialized
2026-07-25 12:25:07 [info]: TypeOrmModule dependencies initialized
2026-07-25 12:25:07 [info]: TypeOrmModule dependencies initialized
2026-07-25 12:25:07 [info]: TypeOrmModule dependencies initialized
2026-07-25 12:25:07 [info]: TypeOrmModule dependencies initialized
2026-07-25 12:25:07 [info]: TypeOrmModule dependencies initialized
2026-07-25 12:25:07 [info]: TypeOrmModule dependencies initialized
2026-07-25 12:25:07 [info]: CategoryModule dependencies initialized
2026-07-25 12:25:07 [info]: SupplierModule dependencies initialized
2026-07-25 12:25:07 [info]: CustomerModule dependencies initialized
2026-07-25 12:25:07 [info]: AuthModule dependencies initialized
2026-07-25 12:25:07 [info]: EstablishmentsModule dependencies initialized
2026-07-25 12:25:07 [info]: UserModule dependencies initialized
2026-07-25 12:25:07 [info]: ProductModule dependencies initialized
2026-07-25 12:25:07 [info]: PurchaseOrderModule dependencies initialized
2026-07-25 12:25:07 [info]: CompanySettingsModule dependencies initialized
2026-07-25 12:25:07 [info]: SaleModule dependencies initialized
2026-07-25 12:25:07 [info]: AuthController {/api/auth} (version: 1):
2026-07-25 12:25:07 [info]: Mapped {/api/auth/login, POST} (version: 1) route
2026-07-25 12:25:07 [info]: Mapped {/api/auth/status, GET} (version: 1) route
2026-07-25 12:25:07 [info]: UserController {/api/users} (version: 1):
2026-07-25 12:25:07 [info]: Mapped {/api/users, GET} (version: 1) route
2026-07-25 12:25:07 [info]: Mapped {/api/users/:id, GET} (version: 1) route
2026-07-25 12:25:07 [info]: Mapped {/api/users, POST} (version: 1) route
2026-07-25 12:25:07 [info]: Mapped {/api/users/:id, PUT} (version: 1) route
2026-07-25 12:25:07 [info]: Mapped {/api/users/:id, DELETE} (version: 1) route
2026-07-25 12:25:07 [info]: HealthController {/api/health} (version: 1):
2026-07-25 12:25:07 [info]: Mapped {/api/health, GET} (version: 1) route
2026-07-25 12:25:07 [info]: CategoryController {/api/categories} (version: 1):
2026-07-25 12:25:07 [info]: Mapped {/api/categories, GET} (version: 1) route
2026-07-25 12:25:07 [info]: Mapped {/api/categories/:id, GET} (version: 1) route
2026-07-25 12:25:07 [info]: Mapped {/api/categories, POST} (version: 1) route
2026-07-25 12:25:07 [info]: Mapped {/api/categories/:id, PUT} (version: 1) route
2026-07-25 12:25:07 [info]: Mapped {/api/categories/:id, DELETE} (version: 1) route
2026-07-25 12:25:07 [info]: SupplierController {/api/suppliers} (version: 1):
2026-07-25 12:25:07 [info]: Mapped {/api/suppliers, GET} (version: 1) route
2026-07-25 12:25:08 [info]: Mapped {/api/suppliers/:id, GET} (version: 1) route
2026-07-25 12:25:08 [info]: Mapped {/api/suppliers, POST} (version: 1) route
2026-07-25 12:25:08 [info]: Mapped {/api/suppliers/:id, PUT} (version: 1) route
2026-07-25 12:25:08 [info]: Mapped {/api/suppliers/:id, DELETE} (version: 1) route
2026-07-25 12:25:08 [info]: ProductController {/api/products} (version: 1):
2026-07-25 12:25:08 [info]: Mapped {/api/products, GET} (version: 1) route
2026-07-25 12:25:08 [info]: Mapped {/api/products/low-stock, GET} (version: 1) route
2026-07-25 12:25:08 [info]: Mapped {/api/products/excel/template, GET} (version: 1) route
2026-07-25 12:25:08 [info]: Mapped {/api/products/excel/import, POST} (version: 1) route
2026-07-25 12:25:08 [info]: Mapped {/api/products/barcode/:barcode, GET} (version: 1) route
2026-07-25 12:25:08 [info]: Mapped {/api/products/:id, GET} (version: 1) route
2026-07-25 12:25:08 [info]: Mapped {/api/products, POST} (version: 1) route
2026-07-25 12:25:08 [info]: Mapped {/api/products/:id, PUT} (version: 1) route
2026-07-25 12:25:08 [info]: Mapped {/api/products/:id, DELETE} (version: 1) route
2026-07-25 12:25:08 [info]: Mapped {/api/products/:id/stock/add, PATCH} (version: 1) route
2026-07-25 12:25:08 [info]: Mapped {/api/products/:id/stock/subtract, PATCH} (version: 1) route
2026-07-25 12:25:08 [info]: CustomerController {/api/customers} (version: 1):
2026-07-25 12:25:08 [info]: Mapped {/api/customers, GET} (version: 1) route
2026-07-25 12:25:08 [info]: Mapped {/api/customers/lookup/:doc, GET} (version: 1) route
2026-07-25 12:25:08 [info]: Mapped {/api/customers/:id, GET} (version: 1) route
2026-07-25 12:25:08 [info]: Mapped {/api/customers, POST} (version: 1) route
2026-07-25 12:25:08 [info]: Mapped {/api/customers/:id, PUT} (version: 1) route
2026-07-25 12:25:08 [info]: Mapped {/api/customers/:id, DELETE} (version: 1) route
2026-07-25 12:25:08 [info]: SaleController {/api/sales} (version: 1):
2026-07-25 12:25:08 [info]: Mapped {/api/sales, GET} (version: 1) route
2026-07-25 12:25:08 [info]: Mapped {/api/sales/summary, GET} (version: 1) route
2026-07-25 12:25:08 [info]: Mapped {/api/sales/comprobante/pdf/:token, GET} (version: 1) route
2026-07-25 12:25:08 [info]: Mapped {/api/sales/:id/pdf-token, GET} (version: 1) route
2026-07-25 12:25:08 [info]: Mapped {/api/sales/:id/pdf, GET} (version: 1) route
2026-07-25 12:25:08 [info]: Mapped {/api/sales/:id, GET} (version: 1) route
2026-07-25 12:25:08 [info]: Mapped {/api/sales, POST} (version: 1) route
2026-07-25 12:25:08 [info]: Mapped {/api/sales/credit-note, POST} (version: 1) route
2026-07-25 12:25:08 [info]: Mapped {/api/sales/:id/void, PATCH} (version: 1) route
2026-07-25 12:25:08 [info]: Mapped {/api/sales/:id/send-whatsapp, POST} (version: 1) route
2026-07-25 12:25:08 [info]: Mapped {/api/sales/:id/resend-sunat, POST} (version: 1) route
2026-07-25 12:25:08 [info]: CompanySettingsController {/api/company-settings} (version: 1):
2026-07-25 12:25:08 [info]: Mapped {/api/company-settings, GET} (version: 1) route
2026-07-25 12:25:08 [info]: Mapped {/api/company-settings, PUT} (version: 1) route
2026-07-25 12:25:08 [info]: Mapped {/api/company-settings/logo, POST} (version: 1) route
2026-07-25 12:25:08 [info]: Mapped {/api/company-settings/register-sunat-api, POST} (version: 1) route
2026-07-25 12:25:08 [info]: PurchaseOrderController {/api/purchase-orders} (version: 1):
2026-07-25 12:25:08 [info]: Mapped {/api/purchase-orders, GET} (version: 1) route
2026-07-25 12:25:08 [info]: Mapped {/api/purchase-orders/:id, GET} (version: 1) route
2026-07-25 12:25:08 [info]: Mapped {/api/purchase-orders, POST} (version: 1) route
2026-07-25 12:25:08 [info]: Mapped {/api/purchase-orders/:id/receive, PATCH} (version: 1) route
2026-07-25 12:25:08 [info]: Mapped {/api/purchase-orders/:id/cancel, PATCH} (version: 1) route
2026-07-25 12:25:08 [info]: EstablishmentsController {/api/establishments} (version: 1):
2026-07-25 12:25:08 [info]: Mapped {/api/establishments, GET} (version: 1) route
2026-07-25 12:25:08 [info]: Mapped {/api/establishments, POST} (version: 1) route
2026-07-25 12:25:08 [info]: Mapped {/api/establishments/series, GET} (version: 1) route
2026-07-25 12:25:08 [info]: Mapped {/api/establishments/series, POST} (version: 1) route
2026-07-25 12:25:08 [info]: Facturación electrónica: Adaptador inicializado.
2026-07-25 12:25:08 [info]: Facturación electrónica: Adaptador inicializado.
2026-07-25 12:25:08 [info]: Nest application successfully started
2026-07-25 12:26:00 [info]: Starting Nest application...
2026-07-25 12:26:00 [info]: AppModule dependencies initialized
2026-07-25 12:29:25 [info]: Starting Nest application...
2026-07-25 12:29:25 [info]: Starting Nest application...
2026-07-25 12:29:25 [info]: AppModule dependencies initialized
2026-07-25 12:29:25 [info]: AppModule dependencies initialized
2026-07-25 12:29:25 [info]: TypeOrmModule dependencies initialized
2026-07-25 12:29:25 [info]: PassportModule dependencies initialized
2026-07-25 12:29:25 [info]: ConfigHostModule dependencies initialized
2026-07-25 12:29:25 [info]: WinstonModule dependencies initialized
2026-07-25 12:29:25 [info]: HealthModule dependencies initialized
2026-07-25 12:29:25 [info]: HttpModule dependencies initialized
2026-07-25 12:29:25 [info]: DiscoveryModule dependencies initialized
2026-07-25 12:29:25 [info]: ConfigModule dependencies initialized
2026-07-25 12:29:25 [info]: ConfigModule dependencies initialized
2026-07-25 12:29:25 [info]: EventEmitterModule dependencies initialized
2026-07-25 12:29:25 [info]: ScheduleModule dependencies initialized
2026-07-25 12:29:25 [info]: JwtModule dependencies initialized
2026-07-25 12:29:25 [info]: TypeOrmCoreModule dependencies initialized
2026-07-25 12:29:25 [info]: TypeOrmModule dependencies initialized
2026-07-25 12:29:25 [info]: TypeOrmModule dependencies initialized
2026-07-25 12:29:25 [info]: TypeOrmModule dependencies initialized
2026-07-25 12:29:25 [info]: TypeOrmModule dependencies initialized
2026-07-25 12:29:25 [info]: TypeOrmModule dependencies initialized
2026-07-25 12:29:25 [info]: TypeOrmModule dependencies initialized
2026-07-25 12:29:25 [info]: TypeOrmModule dependencies initialized
2026-07-25 12:29:25 [info]: TypeOrmModule dependencies initialized
2026-07-25 12:29:25 [info]: TypeOrmModule dependencies initialized
2026-07-25 12:29:25 [info]: TypeOrmModule dependencies initialized
2026-07-25 12:29:25 [info]: CategoryModule dependencies initialized
2026-07-25 12:29:25 [info]: SupplierModule dependencies initialized
2026-07-25 12:29:25 [info]: CustomerModule dependencies initialized
2026-07-25 12:29:25 [info]: AuthModule dependencies initialized
2026-07-25 12:29:25 [info]: EstablishmentsModule dependencies initialized
2026-07-25 12:29:25 [info]: UserModule dependencies initialized
2026-07-25 12:29:25 [info]: ProductModule dependencies initialized
2026-07-25 12:29:25 [info]: PurchaseOrderModule dependencies initialized
2026-07-25 12:29:25 [info]: CompanySettingsModule dependencies initialized
2026-07-25 12:29:25 [info]: SaleModule dependencies initialized
2026-07-25 12:29:25 [info]: AuthController {/api/auth} (version: 1):
2026-07-25 12:29:25 [info]: Mapped {/api/auth/login, POST} (version: 1) route
2026-07-25 12:29:25 [info]: Mapped {/api/auth/status, GET} (version: 1) route
2026-07-25 12:29:25 [info]: UserController {/api/users} (version: 1):
2026-07-25 12:29:25 [info]: Mapped {/api/users, GET} (version: 1) route
2026-07-25 12:29:25 [info]: Mapped {/api/users/:id, GET} (version: 1) route
2026-07-25 12:29:25 [info]: Mapped {/api/users, POST} (version: 1) route
2026-07-25 12:29:25 [info]: Mapped {/api/users/:id, PUT} (version: 1) route
2026-07-25 12:29:25 [info]: Mapped {/api/users/:id, DELETE} (version: 1) route
2026-07-25 12:29:25 [info]: HealthController {/api/health} (version: 1):
2026-07-25 12:29:25 [info]: Mapped {/api/health, GET} (version: 1) route
2026-07-25 12:29:25 [info]: CategoryController {/api/categories} (version: 1):
2026-07-25 12:29:25 [info]: Mapped {/api/categories, GET} (version: 1) route
2026-07-25 12:29:25 [info]: Mapped {/api/categories/:id, GET} (version: 1) route
2026-07-25 12:29:25 [info]: Mapped {/api/categories, POST} (version: 1) route
2026-07-25 12:29:25 [info]: Mapped {/api/categories/:id, PUT} (version: 1) route
2026-07-25 12:29:25 [info]: Mapped {/api/categories/:id, DELETE} (version: 1) route
2026-07-25 12:29:25 [info]: SupplierController {/api/suppliers} (version: 1):
2026-07-25 12:29:25 [info]: Mapped {/api/suppliers, GET} (version: 1) route
2026-07-25 12:29:25 [info]: Mapped {/api/suppliers/:id, GET} (version: 1) route
2026-07-25 12:29:25 [info]: Mapped {/api/suppliers, POST} (version: 1) route
2026-07-25 12:29:25 [info]: Mapped {/api/suppliers/:id, PUT} (version: 1) route
2026-07-25 12:29:25 [info]: Mapped {/api/suppliers/:id, DELETE} (version: 1) route
2026-07-25 12:29:25 [info]: ProductController {/api/products} (version: 1):
2026-07-25 12:29:25 [info]: Mapped {/api/products, GET} (version: 1) route
2026-07-25 12:29:25 [info]: Mapped {/api/products/low-stock, GET} (version: 1) route
2026-07-25 12:29:25 [info]: Mapped {/api/products/excel/template, GET} (version: 1) route
2026-07-25 12:29:25 [info]: Mapped {/api/products/excel/import, POST} (version: 1) route
2026-07-25 12:29:25 [info]: Mapped {/api/products/barcode/:barcode, GET} (version: 1) route
2026-07-25 12:29:25 [info]: Mapped {/api/products/:id, GET} (version: 1) route
2026-07-25 12:29:25 [info]: Mapped {/api/products, POST} (version: 1) route
2026-07-25 12:29:25 [info]: Mapped {/api/products/:id, PUT} (version: 1) route
2026-07-25 12:29:25 [info]: Mapped {/api/products/:id, DELETE} (version: 1) route
2026-07-25 12:29:25 [info]: Mapped {/api/products/:id/stock/add, PATCH} (version: 1) route
2026-07-25 12:29:25 [info]: Mapped {/api/products/:id/stock/subtract, PATCH} (version: 1) route
2026-07-25 12:29:25 [info]: CustomerController {/api/customers} (version: 1):
2026-07-25 12:29:25 [info]: Mapped {/api/customers, GET} (version: 1) route
2026-07-25 12:29:25 [info]: Mapped {/api/customers/lookup/:doc, GET} (version: 1) route
2026-07-25 12:29:25 [info]: Mapped {/api/customers/:id, GET} (version: 1) route
2026-07-25 12:29:25 [info]: Mapped {/api/customers, POST} (version: 1) route
2026-07-25 12:29:25 [info]: Mapped {/api/customers/:id, PUT} (version: 1) route
2026-07-25 12:29:25 [info]: Mapped {/api/customers/:id, DELETE} (version: 1) route
2026-07-25 12:29:25 [info]: SaleController {/api/sales} (version: 1):
2026-07-25 12:29:25 [info]: Mapped {/api/sales, GET} (version: 1) route
2026-07-25 12:29:25 [info]: Mapped {/api/sales/summary, GET} (version: 1) route
2026-07-25 12:29:25 [info]: Mapped {/api/sales/comprobante/pdf/:token, GET} (version: 1) route
2026-07-25 12:29:25 [info]: Mapped {/api/sales/:id/pdf-token, GET} (version: 1) route
2026-07-25 12:29:25 [info]: Mapped {/api/sales/:id/pdf, GET} (version: 1) route
2026-07-25 12:29:25 [info]: Mapped {/api/sales/:id, GET} (version: 1) route
2026-07-25 12:29:25 [info]: Mapped {/api/sales, POST} (version: 1) route
2026-07-25 12:29:25 [info]: Mapped {/api/sales/credit-note, POST} (version: 1) route
2026-07-25 12:29:25 [info]: Mapped {/api/sales/:id/void, PATCH} (version: 1) route
2026-07-25 12:29:25 [info]: Mapped {/api/sales/:id/send-whatsapp, POST} (version: 1) route
2026-07-25 12:29:25 [info]: Mapped {/api/sales/:id/resend-sunat, POST} (version: 1) route
2026-07-25 12:29:25 [info]: CompanySettingsController {/api/company-settings} (version: 1):
2026-07-25 12:29:25 [info]: Mapped {/api/company-settings, GET} (version: 1) route
2026-07-25 12:29:25 [info]: Mapped {/api/company-settings, PUT} (version: 1) route
2026-07-25 12:29:25 [info]: Mapped {/api/company-settings/logo, POST} (version: 1) route
2026-07-25 12:29:25 [info]: Mapped {/api/company-settings/register-sunat-api, POST} (version: 1) route
2026-07-25 12:29:25 [info]: PurchaseOrderController {/api/purchase-orders} (version: 1):
2026-07-25 12:29:25 [info]: Mapped {/api/purchase-orders, GET} (version: 1) route
2026-07-25 12:29:25 [info]: Mapped {/api/purchase-orders/:id, GET} (version: 1) route
2026-07-25 12:29:25 [info]: Mapped {/api/purchase-orders, POST} (version: 1) route
2026-07-25 12:29:25 [info]: Mapped {/api/purchase-orders/:id/receive, PATCH} (version: 1) route
2026-07-25 12:29:25 [info]: Mapped {/api/purchase-orders/:id/cancel, PATCH} (version: 1) route
2026-07-25 12:29:25 [info]: EstablishmentsController {/api/establishments} (version: 1):
2026-07-25 12:29:25 [info]: Mapped {/api/establishments, GET} (version: 1) route
2026-07-25 12:29:25 [info]: Mapped {/api/establishments, POST} (version: 1) route
2026-07-25 12:29:25 [info]: Mapped {/api/establishments/series, GET} (version: 1) route
2026-07-25 12:29:25 [info]: Mapped {/api/establishments/series, POST} (version: 1) route
2026-07-25 12:29:25 [info]: Facturación electrónica: Adaptador inicializado.
2026-07-25 12:29:25 [info]: Facturación electrónica: Adaptador inicializado.
2026-07-25 12:29:25 [info]: Nest application successfully started
2026-07-25 12:29:59 [info]: Starting Nest application...
2026-07-25 12:29:59 [info]: Starting Nest application...
2026-07-25 12:29:59 [info]: AppModule dependencies initialized
2026-07-25 12:29:59 [info]: TypeOrmModule dependencies initialized
2026-07-25 12:29:59 [info]: PassportModule dependencies initialized
2026-07-25 12:29:59 [info]: ConfigHostModule dependencies initialized
2026-07-25 12:29:59 [info]: WinstonModule dependencies initialized
2026-07-25 12:29:59 [info]: AppModule dependencies initialized
2026-07-25 12:29:59 [info]: HealthModule dependencies initialized
2026-07-25 12:29:59 [info]: HttpModule dependencies initialized
2026-07-25 12:29:59 [info]: DiscoveryModule dependencies initialized
2026-07-25 12:29:59 [info]: ConfigModule dependencies initialized
2026-07-25 12:29:59 [info]: ConfigModule dependencies initialized
2026-07-25 12:29:59 [info]: EventEmitterModule dependencies initialized
2026-07-25 12:29:59 [info]: ScheduleModule dependencies initialized
2026-07-25 12:29:59 [info]: JwtModule dependencies initialized
2026-07-25 12:29:59 [info]: TypeOrmCoreModule dependencies initialized
2026-07-25 12:29:59 [info]: TypeOrmModule dependencies initialized
2026-07-25 12:29:59 [info]: TypeOrmModule dependencies initialized
2026-07-25 12:29:59 [info]: TypeOrmModule dependencies initialized
2026-07-25 12:29:59 [info]: TypeOrmModule dependencies initialized
2026-07-25 12:29:59 [info]: TypeOrmModule dependencies initialized
2026-07-25 12:29:59 [info]: TypeOrmModule dependencies initialized
2026-07-25 12:29:59 [info]: TypeOrmModule dependencies initialized
2026-07-25 12:29:59 [info]: TypeOrmModule dependencies initialized
2026-07-25 12:29:59 [info]: TypeOrmModule dependencies initialized
2026-07-25 12:29:59 [info]: TypeOrmModule dependencies initialized
2026-07-25 12:29:59 [info]: CategoryModule dependencies initialized
2026-07-25 12:29:59 [info]: SupplierModule dependencies initialized
2026-07-25 12:29:59 [info]: CustomerModule dependencies initialized
2026-07-25 12:29:59 [info]: AuthModule dependencies initialized
2026-07-25 12:29:59 [info]: EstablishmentsModule dependencies initialized
2026-07-25 12:29:59 [info]: UserModule dependencies initialized
2026-07-25 12:29:59 [info]: ProductModule dependencies initialized
2026-07-25 12:29:59 [info]: PurchaseOrderModule dependencies initialized
2026-07-25 12:29:59 [info]: CompanySettingsModule dependencies initialized
2026-07-25 12:29:59 [info]: SaleModule dependencies initialized
2026-07-25 12:29:59 [info]: AuthController {/api/auth} (version: 1):
2026-07-25 12:29:59 [info]: Mapped {/api/auth/login, POST} (version: 1) route
2026-07-25 12:29:59 [info]: Mapped {/api/auth/status, GET} (version: 1) route
2026-07-25 12:29:59 [info]: UserController {/api/users} (version: 1):
2026-07-25 12:29:59 [info]: Mapped {/api/users, GET} (version: 1) route
2026-07-25 12:29:59 [info]: Mapped {/api/users/:id, GET} (version: 1) route
2026-07-25 12:29:59 [info]: Mapped {/api/users, POST} (version: 1) route
2026-07-25 12:29:59 [info]: Mapped {/api/users/:id, PUT} (version: 1) route
2026-07-25 12:29:59 [info]: Mapped {/api/users/:id, DELETE} (version: 1) route
2026-07-25 12:29:59 [info]: HealthController {/api/health} (version: 1):
2026-07-25 12:29:59 [info]: Mapped {/api/health, GET} (version: 1) route
2026-07-25 12:29:59 [info]: CategoryController {/api/categories} (version: 1):
2026-07-25 12:29:59 [info]: Mapped {/api/categories, GET} (version: 1) route
2026-07-25 12:29:59 [info]: Mapped {/api/categories/:id, GET} (version: 1) route
2026-07-25 12:29:59 [info]: Mapped {/api/categories, POST} (version: 1) route
2026-07-25 12:29:59 [info]: Mapped {/api/categories/:id, PUT} (version: 1) route
2026-07-25 12:29:59 [info]: Mapped {/api/categories/:id, DELETE} (version: 1) route
2026-07-25 12:29:59 [info]: SupplierController {/api/suppliers} (version: 1):
2026-07-25 12:29:59 [info]: Mapped {/api/suppliers, GET} (version: 1) route
2026-07-25 12:29:59 [info]: Mapped {/api/suppliers/:id, GET} (version: 1) route
2026-07-25 12:29:59 [info]: Mapped {/api/suppliers, POST} (version: 1) route
2026-07-25 12:29:59 [info]: Mapped {/api/suppliers/:id, PUT} (version: 1) route
2026-07-25 12:29:59 [info]: Mapped {/api/suppliers/:id, DELETE} (version: 1) route
2026-07-25 12:29:59 [info]: ProductController {/api/products} (version: 1):
2026-07-25 12:29:59 [info]: Mapped {/api/products, GET} (version: 1) route
2026-07-25 12:29:59 [info]: Mapped {/api/products/low-stock, GET} (version: 1) route
2026-07-25 12:29:59 [info]: Mapped {/api/products/excel/template, GET} (version: 1) route
2026-07-25 12:29:59 [info]: Mapped {/api/products/excel/import, POST} (version: 1) route
2026-07-25 12:29:59 [info]: Mapped {/api/products/barcode/:barcode, GET} (version: 1) route
2026-07-25 12:29:59 [info]: Mapped {/api/products/:id, GET} (version: 1) route
2026-07-25 12:29:59 [info]: Mapped {/api/products, POST} (version: 1) route
2026-07-25 12:29:59 [info]: Mapped {/api/products/:id, PUT} (version: 1) route
2026-07-25 12:29:59 [info]: Mapped {/api/products/:id, DELETE} (version: 1) route
2026-07-25 12:29:59 [info]: Mapped {/api/products/:id/stock/add, PATCH} (version: 1) route
2026-07-25 12:29:59 [info]: Mapped {/api/products/:id/stock/subtract, PATCH} (version: 1) route
2026-07-25 12:29:59 [info]: CustomerController {/api/customers} (version: 1):
2026-07-25 12:29:59 [info]: Mapped {/api/customers, GET} (version: 1) route
2026-07-25 12:29:59 [info]: Mapped {/api/customers/lookup/:doc, GET} (version: 1) route
2026-07-25 12:29:59 [info]: Mapped {/api/customers/:id, GET} (version: 1) route
2026-07-25 12:29:59 [info]: Mapped {/api/customers, POST} (version: 1) route
2026-07-25 12:29:59 [info]: Mapped {/api/customers/:id, PUT} (version: 1) route
2026-07-25 12:29:59 [info]: Mapped {/api/customers/:id, DELETE} (version: 1) route
2026-07-25 12:29:59 [info]: SaleController {/api/sales} (version: 1):
2026-07-25 12:29:59 [info]: Mapped {/api/sales, GET} (version: 1) route
2026-07-25 12:29:59 [info]: Mapped {/api/sales/summary, GET} (version: 1) route
2026-07-25 12:29:59 [info]: Mapped {/api/sales/comprobante/pdf/:token, GET} (version: 1) route
2026-07-25 12:29:59 [info]: Mapped {/api/sales/:id/pdf-token, GET} (version: 1) route
2026-07-25 12:29:59 [info]: Mapped {/api/sales/:id/pdf, GET} (version: 1) route
2026-07-25 12:29:59 [info]: Mapped {/api/sales/:id, GET} (version: 1) route
2026-07-25 12:29:59 [info]: Mapped {/api/sales, POST} (version: 1) route
2026-07-25 12:29:59 [info]: Mapped {/api/sales/credit-note, POST} (version: 1) route
2026-07-25 12:29:59 [info]: Mapped {/api/sales/:id/void, PATCH} (version: 1) route
2026-07-25 12:29:59 [info]: Mapped {/api/sales/:id/send-whatsapp, POST} (version: 1) route
2026-07-25 12:29:59 [info]: Mapped {/api/sales/:id/resend-sunat, POST} (version: 1) route
2026-07-25 12:29:59 [info]: CompanySettingsController {/api/company-settings} (version: 1):
2026-07-25 12:29:59 [info]: Mapped {/api/company-settings, GET} (version: 1) route
2026-07-25 12:29:59 [info]: Mapped {/api/company-settings, PUT} (version: 1) route
2026-07-25 12:29:59 [info]: Mapped {/api/company-settings/logo, POST} (version: 1) route
2026-07-25 12:29:59 [info]: Mapped {/api/company-settings/register-sunat-api, POST} (version: 1) route
2026-07-25 12:29:59 [info]: PurchaseOrderController {/api/purchase-orders} (version: 1):
2026-07-25 12:29:59 [info]: Mapped {/api/purchase-orders, GET} (version: 1) route
2026-07-25 12:29:59 [info]: Mapped {/api/purchase-orders/:id, GET} (version: 1) route
2026-07-25 12:29:59 [info]: Mapped {/api/purchase-orders, POST} (version: 1) route
2026-07-25 12:29:59 [info]: Mapped {/api/purchase-orders/:id/receive, PATCH} (version: 1) route
2026-07-25 12:29:59 [info]: Mapped {/api/purchase-orders/:id/cancel, PATCH} (version: 1) route
2026-07-25 12:29:59 [info]: EstablishmentsController {/api/establishments} (version: 1):
2026-07-25 12:29:59 [info]: Mapped {/api/establishments, GET} (version: 1) route
2026-07-25 12:29:59 [info]: Mapped {/api/establishments, POST} (version: 1) route
2026-07-25 12:29:59 [info]: Mapped {/api/establishments/series, GET} (version: 1) route
2026-07-25 12:29:59 [info]: Mapped {/api/establishments/series, POST} (version: 1) route
2026-07-25 12:29:59 [info]: Facturación electrónica: Adaptador inicializado.
2026-07-25 12:29:59 [info]: Facturación electrónica: Adaptador inicializado.
2026-07-25 12:29:59 [info]: Nest application successfully started
